
> react-kavia@0.1.0 start
> react-scripts start

(node:255) [DEP_WEBPACK_DEV_SERVER_ON_AFTER_SETUP_MIDDLEWARE] DeprecationWarning: 'onAfterSetupMiddleware' option is deprecated. Please use the 'setupMiddlewares' option.
(Use `node --trace-deprecation ...` to show where the warning was created)
(node:255) [DEP_WEBPACK_DEV_SERVER_ON_BEFORE_SETUP_MIDDLEWARE] DeprecationWarning: 'onBeforeSetupMiddleware' option is deprecated. Please use the 'setupMiddlewares' option.
Starting the development server...

Compiled successfully!

You can now view react-kavia in the browser.

  Local:            http://localhost:3000
  On Your Network:  http://172.17.0.2:3000

Note that the development build is not optimized.
To create a production build, use npm run build.

webpack compiled successfully
Compiling...
Failed to compile.

Module not found: Error: Can't resolve 'react-router-dom' in '/home/kavia/workspace/code-generation/quizgenie-ai-105406-b8f88027/quizgenie_ai/src'
ERROR in ./src/App.js 6:0-84
Module not found: Error: Can't resolve 'react-router-dom' in '/home/kavia/workspace/code-generation/quizgenie-ai-105406-b8f88027/quizgenie_ai/src'

ERROR in ./src/App.js 7:0-43
Module not found: Error: Can't resolve './components/Sidebar' in '/home/kavia/workspace/code-generation/quizgenie-ai-105406-b8f88027/quizgenie_ai/src'

ERROR in ./src/App.js 8:0-42
Module not found: Error: Can't resolve './pages/Dashboard' in '/home/kavia/workspace/code-generation/quizgenie-ai-105406-b8f88027/quizgenie_ai/src'

ERROR in ./src/App.js 9:0-40
Module not found: Error: Can't resolve './pages/AuthPage' in '/home/kavia/workspace/code-generation/quizgenie-ai-105406-b8f88027/quizgenie_ai/src'

ERROR in ./src/App.js 10:0-38
Module not found: Error: Can't resolve './pages/Quizzes' in '/home/kavia/workspace/code-generation/quizgenie-ai-105406-b8f88027/quizgenie_ai/src'

ERROR in ./src/App.js 11:0-38
Module not found: Error: Can't resolve './pages/Results' in '/home/kavia/workspace/code-generation/quizgenie-ai-105406-b8f88027/quizgenie_ai/src'

ERROR in ./src/App.js 12:0-44
Module not found: Error: Can't resolve './pages/AdminPanel' in '/home/kavia/workspace/code-generation/quizgenie-ai-105406-b8f88027/quizgenie_ai/src'

ERROR in ./src/App.js 13:0-46
Module not found: Error: Can't resolve './pages/QuizSession' in '/home/kavia/workspace/code-generation/quizgenie-ai-105406-b8f88027/quizgenie_ai/src'

ERROR in ./src/App.js 14:0-41
Module not found: Error: Can't resolve './utils/api' in '/home/kavia/workspace/code-generation/quizgenie-ai-105406-b8f88027/quizgenie_ai/src'

webpack compiled with 9 errors
Compiling...
Failed to compile.

Module not found: Error: Can't resolve 'react-router-dom' in '/home/kavia/workspace/code-generation/quizgenie-ai-105406-b8f88027/quizgenie_ai/src'
ERROR in ./src/App.js 6:0-84
Module not found: Error: Can't resolve 'react-router-dom' in '/home/kavia/workspace/code-generation/quizgenie-ai-105406-b8f88027/quizgenie_ai/src'

ERROR in ./src/App.js 8:0-42
Module not found: Error: Can't resolve './pages/Dashboard' in '/home/kavia/workspace/code-generation/quizgenie-ai-105406-b8f88027/quizgenie_ai/src'

ERROR in ./src/App.js 9:0-40
Module not found: Error: Can't resolve './pages/AuthPage' in '/home/kavia/workspace/code-generation/quizgenie-ai-105406-b8f88027/quizgenie_ai/src'

ERROR in ./src/App.js 10:0-38
Module not found: Error: Can't resolve './pages/Quizzes' in '/home/kavia/workspace/code-generation/quizgenie-ai-105406-b8f88027/quizgenie_ai/src'

ERROR in ./src/App.js 11:0-38
Module not found: Error: Can't resolve './pages/Results' in '/home/kavia/workspace/code-generation/quizgenie-ai-105406-b8f88027/quizgenie_ai/src'

ERROR in ./src/App.js 12:0-44
Module not found: Error: Can't resolve './pages/AdminPanel' in '/home/kavia/workspace/code-generation/quizgenie-ai-105406-b8f88027/quizgenie_ai/src'

ERROR in ./src/App.js 13:0-46
Module not found: Error: Can't resolve './pages/QuizSession' in '/home/kavia/workspace/code-generation/quizgenie-ai-105406-b8f88027/quizgenie_ai/src'

ERROR in ./src/App.js 14:0-41
Module not found: Error: Can't resolve './utils/api' in '/home/kavia/workspace/code-generation/quizgenie-ai-105406-b8f88027/quizgenie_ai/src'

ERROR in ./src/components/Sidebar.js 6:0-66
Module not found: Error: Can't resolve 'react-router-dom' in '/home/kavia/workspace/code-generation/quizgenie-ai-105406-b8f88027/quizgenie_ai/src/components'

webpack compiled with 9 errors
Compiling...
Failed to compile.

Module not found: Error: Can't resolve 'react-router-dom' in '/home/kavia/workspace/code-generation/quizgenie-ai-105406-b8f88027/quizgenie_ai/src'
ERROR in ./src/App.js 6:0-84
Module not found: Error: Can't resolve 'react-router-dom' in '/home/kavia/workspace/code-generation/quizgenie-ai-105406-b8f88027/quizgenie_ai/src'

ERROR in ./src/App.js 8:0-42
Module not found: Error: Can't resolve './pages/Dashboard' in '/home/kavia/workspace/code-generation/quizgenie-ai-105406-b8f88027/quizgenie_ai/src'

ERROR in ./src/App.js 9:0-40
Module not found: Error: Can't resolve './pages/AuthPage' in '/home/kavia/workspace/code-generation/quizgenie-ai-105406-b8f88027/quizgenie_ai/src'

ERROR in ./src/App.js 10:0-38
Module not found: Error: Can't resolve './pages/Quizzes' in '/home/kavia/workspace/code-generation/quizgenie-ai-105406-b8f88027/quizgenie_ai/src'

ERROR in ./src/App.js 11:0-38
Module not found: Error: Can't resolve './pages/Results' in '/home/kavia/workspace/code-generation/quizgenie-ai-105406-b8f88027/quizgenie_ai/src'

ERROR in ./src/App.js 12:0-44
Module not found: Error: Can't resolve './pages/AdminPanel' in '/home/kavia/workspace/code-generation/quizgenie-ai-105406-b8f88027/quizgenie_ai/src'

ERROR in ./src/App.js 13:0-46
Module not found: Error: Can't resolve './pages/QuizSession' in '/home/kavia/workspace/code-generation/quizgenie-ai-105406-b8f88027/quizgenie_ai/src'

ERROR in ./src/components/Sidebar.js 6:0-66
Module not found: Error: Can't resolve 'react-router-dom' in '/home/kavia/workspace/code-generation/quizgenie-ai-105406-b8f88027/quizgenie_ai/src/components'

webpack compiled with 8 errors
Compiling...
Failed to compile.

Module not found: Error: Can't resolve 'react-router-dom' in '/home/kavia/workspace/code-generation/quizgenie-ai-105406-b8f88027/quizgenie_ai/src'
ERROR in ./src/App.js 6:0-84
Module not found: Error: Can't resolve 'react-router-dom' in '/home/kavia/workspace/code-generation/quizgenie-ai-105406-b8f88027/quizgenie_ai/src'

ERROR in ./src/App.js 8:0-42
Module not found: Error: Can't resolve './pages/Dashboard' in '/home/kavia/workspace/code-generation/quizgenie-ai-105406-b8f88027/quizgenie_ai/src'

ERROR in ./src/App.js 9:0-40
Module not found: Error: Can't resolve './pages/AuthPage' in '/home/kavia/workspace/code-generation/quizgenie-ai-105406-b8f88027/quizgenie_ai/src'

ERROR in ./src/App.js 10:0-38
Module not found: Error: Can't resolve './pages/Quizzes' in '/home/kavia/workspace/code-generation/quizgenie-ai-105406-b8f88027/quizgenie_ai/src'

ERROR in ./src/App.js 11:0-38
Module not found: Error: Can't resolve './pages/Results' in '/home/kavia/workspace/code-generation/quizgenie-ai-105406-b8f88027/quizgenie_ai/src'

ERROR in ./src/App.js 12:0-44
Module not found: Error: Can't resolve './pages/AdminPanel' in '/home/kavia/workspace/code-generation/quizgenie-ai-105406-b8f88027/quizgenie_ai/src'

ERROR in ./src/App.js 13:0-46
Module not found: Error: Can't resolve './pages/QuizSession' in '/home/kavia/workspace/code-generation/quizgenie-ai-105406-b8f88027/quizgenie_ai/src'

ERROR in ./src/components/Sidebar.js 6:0-66
Module not found: Error: Can't resolve 'react-router-dom' in '/home/kavia/workspace/code-generation/quizgenie-ai-105406-b8f88027/quizgenie_ai/src/components'

webpack compiled with 8 errors
Compiling...
Failed to compile.

Module not found: Error: Can't resolve 'react-router-dom' in '/home/kavia/workspace/code-generation/quizgenie-ai-105406-b8f88027/quizgenie_ai/src'
ERROR in ./src/App.js 6:0-84
Module not found: Error: Can't resolve 'react-router-dom' in '/home/kavia/workspace/code-generation/quizgenie-ai-105406-b8f88027/quizgenie_ai/src'

ERROR in ./src/App.js 8:0-42
Module not found: Error: Can't resolve './pages/Dashboard' in '/home/kavia/workspace/code-generation/quizgenie-ai-105406-b8f88027/quizgenie_ai/src'

ERROR in ./src/App.js 9:0-40
Module not found: Error: Can't resolve './pages/AuthPage' in '/home/kavia/workspace/code-generation/quizgenie-ai-105406-b8f88027/quizgenie_ai/src'

ERROR in ./src/App.js 10:0-38
Module not found: Error: Can't resolve './pages/Quizzes' in '/home/kavia/workspace/code-generation/quizgenie-ai-105406-b8f88027/quizgenie_ai/src'

ERROR in ./src/App.js 11:0-38
Module not found: Error: Can't resolve './pages/Results' in '/home/kavia/workspace/code-generation/quizgenie-ai-105406-b8f88027/quizgenie_ai/src'

ERROR in ./src/App.js 12:0-44
Module not found: Error: Can't resolve './pages/AdminPanel' in '/home/kavia/workspace/code-generation/quizgenie-ai-105406-b8f88027/quizgenie_ai/src'

ERROR in ./src/App.js 13:0-46
Module not found: Error: Can't resolve './pages/QuizSession' in '/home/kavia/workspace/code-generation/quizgenie-ai-105406-b8f88027/quizgenie_ai/src'

ERROR in ./src/components/Sidebar.js 6:0-66
Module not found: Error: Can't resolve 'react-router-dom' in '/home/kavia/workspace/code-generation/quizgenie-ai-105406-b8f88027/quizgenie_ai/src/components'

webpack compiled with 8 errors
Compiling...
Failed to compile.

Module not found: Error: Can't resolve 'react-router-dom' in '/home/kavia/workspace/code-generation/quizgenie-ai-105406-b8f88027/quizgenie_ai/src'
ERROR in ./src/App.js 6:0-84
Module not found: Error: Can't resolve 'react-router-dom' in '/home/kavia/workspace/code-generation/quizgenie-ai-105406-b8f88027/quizgenie_ai/src'

ERROR in ./src/App.js 9:0-40
Module not found: Error: Can't resolve './pages/AuthPage' in '/home/kavia/workspace/code-generation/quizgenie-ai-105406-b8f88027/quizgenie_ai/src'

ERROR in ./src/App.js 10:0-38
Module not found: Error: Can't resolve './pages/Quizzes' in '/home/kavia/workspace/code-generation/quizgenie-ai-105406-b8f88027/quizgenie_ai/src'

ERROR in ./src/App.js 11:0-38
Module not found: Error: Can't resolve './pages/Results' in '/home/kavia/workspace/code-generation/quizgenie-ai-105406-b8f88027/quizgenie_ai/src'

ERROR in ./src/App.js 12:0-44
Module not found: Error: Can't resolve './pages/AdminPanel' in '/home/kavia/workspace/code-generation/quizgenie-ai-105406-b8f88027/quizgenie_ai/src'

ERROR in ./src/App.js 13:0-46
Module not found: Error: Can't resolve './pages/QuizSession' in '/home/kavia/workspace/code-generation/quizgenie-ai-105406-b8f88027/quizgenie_ai/src'

ERROR in ./src/components/Sidebar.js 6:0-66
Module not found: Error: Can't resolve 'react-router-dom' in '/home/kavia/workspace/code-generation/quizgenie-ai-105406-b8f88027/quizgenie_ai/src/components'

ERROR in ./src/pages/Dashboard.js 5:0-40
Module not found: Error: Can't resolve 'react-router-dom' in '/home/kavia/workspace/code-generation/quizgenie-ai-105406-b8f88027/quizgenie_ai/src/pages'

webpack compiled with 8 errors
